// Jest Snapshot v1, https://goo.gl/fbAQLP

exports[`Blue Btn renders correctly 1`] = `
<button
  className="bg-soma-blue-40 text-white px-3.5 py-2 rounded-3xl transition hover:bg-soma-blue-50 text-sm sm:text-base  "
  onClick={[Function]}
>
  text
</button>
`;
